
> api-core-python@ build D:\BD CR7 Project\apps\api-core-python
> python -m compileall .

Listing '.'...
Listing '.\\.turbo'...
Listing '.\\.vercel'...
Listing '.\\.vercel\\python'...
Listing '.\\.vercel\\python\\.venv'...
Listing '.\\core'...
Compiling '.\\core\\responses.py'...
Compiling '.\\main.py'...
Listing '.\\routers'...
Compiling '.\\routers\\import_supply.py'...
Compiling '.\\routers\\users.py'...
Listing '.\\schemas'...
Compiling '.\\schemas\\users.py'...
Listing '.\\services'...
Listing '.\\sumonix_ai'...
Listing '.\\sumonix_ai\\rag_memory'...
Listing '.\\sumonix_ai\\tools'...
Listing '.\\tests'...
Listing '.\\venv'...
Listing '.\\venv\\Include'...
Listing '.\\venv\\Lib'...
Listing '.\\venv\\Lib\\site-packages'...
Listing '.\\venv\\Lib\\site-packages\\pip'...
Listing '.\\venv\\Lib\\site-packages\\pip\\_internal'...
Listing '.\\venv\\Lib\\site-packages\\pip\\_internal\\cli'...
Listing '.\\venv\\Lib\\site-packages\\pip\\_internal\\commands'...
Listing '.\\venv\\Lib\\site-packages\\pip\\_internal\\distributions'...
Listing '.\\venv\\Lib\\site-packages\\pip\\_internal\\index'...
Listing '.\\venv\\Lib\\site-packages\\pip\\_internal\\locations'...
Listing '.\\venv\\Lib\\site-packages\\pip\\_internal\\metadata'...
Listing '.\\venv\\Lib\\site-packages\\pip\\_internal\\metadata\\importlib'...
Listing '.\\venv\\Lib\\site-packages\\pip\\_internal\\models'...
Listing '.\\venv\\Lib\\site-packages\\pip\\_internal\\network'...
Listing '.\\venv\\Lib\\site-packages\\pip\\_internal\\operations'...
Listing '.\\venv\\Lib\\site-packages\\pip\\_internal\\operations\\build'...
Listing '.\\venv\\Lib\\site-packages\\pip\\_internal\\operations\\install'...
Listing '.\\venv\\Lib\\site-packages\\pip\\_internal\\req'...
Listing '.\\venv\\Lib\\site-packages\\pip\\_internal\\resolution'...
Listing '.\\venv\\Lib\\site-packages\\pip\\_internal\\resolution\\legacy'...
Listing '.\\venv\\Lib\\site-packages\\pip\\_internal\\resolution\\resolvelib'...
Listing '.\\venv\\Lib\\site-packages\\pip\\_internal\\utils'...
Listing '.\\venv\\Lib\\site-packages\\pip\\_internal\\vcs'...
Listing '.\\venv\\Lib\\site-packages\\pip\\_vendor'...
Listing '.\\venv\\Lib\\site-packages\\pip\\_vendor\\cachecontrol'...
Listing '.\\venv\\Lib\\site-packages\\pip\\_vendor\\cachecontrol\\caches'...
Listing '.\\venv\\Lib\\site-packages\\pip\\_vendor\\certifi'...
Listing '.\\venv\\Lib\\site-packages\\pip\\_vendor\\distlib'...
Listing '.\\venv\\Lib\\site-packages\\pip\\_vendor\\distro'...
Listing '.\\venv\\Lib\\site-packages\\pip\\_vendor\\idna'...
Listing '.\\venv\\Lib\\site-packages\\pip\\_vendor\\msgpack'...
Listing '.\\venv\\Lib\\site-packages\\pip\\_vendor\\packaging'...
Listing '.\\venv\\Lib\\site-packages\\pip\\_vendor\\packaging\\licenses'...
Listing '.\\venv\\Lib\\site-packages\\pip\\_vendor\\pkg_resources'...
Listing '.\\venv\\Lib\\site-packages\\pip\\_vendor\\platformdirs'...
Listing '.\\venv\\Lib\\site-packages\\pip\\_vendor\\pygments'...
Listing '.\\venv\\Lib\\site-packages\\pip\\_vendor\\pygments\\filters'...
Listing '.\\venv\\Lib\\site-packages\\pip\\_vendor\\pygments\\formatters'...
Listing '.\\venv\\Lib\\site-packages\\pip\\_vendor\\pygments\\lexers'...
Listing '.\\venv\\Lib\\site-packages\\pip\\_vendor\\pygments\\styles'...
Listing '.\\venv\\Lib\\site-packages\\pip\\_vendor\\pyproject_hooks'...
Listing '.\\venv\\Lib\\site-packages\\pip\\_vendor\\pyproject_hooks\\_in_process'...
Listing '.\\venv\\Lib\\site-packages\\pip\\_vendor\\requests'...
Listing '.\\venv\\Lib\\site-packages\\pip\\_vendor\\resolvelib'...
Listing '.\\venv\\Lib\\site-packages\\pip\\_vendor\\resolvelib\\compat'...
Listing '.\\venv\\Lib\\site-packages\\pip\\_vendor\\rich'...
Listing '.\\venv\\Lib\\site-packages\\pip\\_vendor\\tomli'...
Listing '.\\venv\\Lib\\site-packages\\pip\\_vendor\\truststore'...
Listing '.\\venv\\Lib\\site-packages\\pip\\_vendor\\urllib3'...
Listing '.\\venv\\Lib\\site-packages\\pip\\_vendor\\urllib3\\contrib'...
Listing '.\\venv\\Lib\\site-packages\\pip\\_vendor\\urllib3\\contrib\\_securetransport'...
Listing '.\\venv\\Lib\\site-packages\\pip\\_vendor\\urllib3\\packages'...
Listing '.\\venv\\Lib\\site-packages\\pip\\_vendor\\urllib3\\packages\\backports'...
Listing '.\\venv\\Lib\\site-packages\\pip\\_vendor\\urllib3\\util'...
Listing '.\\venv\\Lib\\site-packages\\pip-25.0.1.dist-info'...
Listing '.\\venv\\Scripts'...
Listing '.\\workers'...
